../Core/Src/main.c:237:9:Button_IsPressed	8	static
../Core/Src/main.c:242:5:_write	24	static
../Core/Src/main.c:248:5:PWM_Compensate	24	static
../Core/Src/main.c:274:6:Motor_Stop	8	static
../Core/Src/main.c:287:6:Motor_Brake	8	static
../Core/Src/main.c:301:6:Motor_Set	16	static
../Core/Src/main.c:335:6:MPU_Scan	8	static
../Core/Src/main.c:354:6:MPU_Write	32	static
../Core/Src/main.c:360:9:MPU_Read_Byte	40	static
../Core/Src/main.c:371:6:MPU_Init	16	static
../Core/Src/main.c:400:9:MPU_Read_All	40	static
../Core/Src/main.c:443:6:MPU_Calibrate_Gyro	16	static
../Core/Src/main.c:468:6:MPU_Update_Angle	16	static
../Core/Src/main.c:509:9:Limit_Int32	16	static
../Core/Src/main.c:516:9:Smooth_PWM	16	static
../Core/Src/main.c:534:9:Get_Speed	4	static
../Core/Src/main.c:541:9:Get_Direction_Error	8	static
../Core/Src/main.c:575:16:Angle_PID	32	static
../Core/Src/main.c:585:9:Angle_Proc	8	static
../Core/Src/main.c:592:16:Velocity_PID	32	static
../Core/Src/main.c:618:9:Velocity_Proc	24	static
../Core/Src/main.c:639:16:Direction_PID	24	static
../Core/Src/main.c:653:9:Direction_Proc	24	static
../Core/Src/main.c:674:9:Get_PWM	16	static
../Core/Src/main.c:706:6:Motor_Proc	16	static
../Core/Src/main.c:730:6:Line_Only_Control	56	static
../Core/Src/main.c:904:6:Balance_Control	152	static
../Core/Src/main.c:984:6:HAL_TIM_PeriodElapsedCallback	16	static
../Core/Src/main.c:992:6:Motor_Set_Gated	24	static
../Core/Src/main.c:1037:5:main	8	static
../Core/Src/main.c:1116:6:SystemClock_Config	96	static
../Core/Src/main.c:1166:13:MX_I2C1_Init	8	static
../Core/Src/main.c:1214:13:MX_TIM6_Init	24	static
../Core/Src/main.c:1252:13:MX_TIM15_Init	112	static
../Core/Src/main.c:1331:13:MX_USART2_UART_Init	8	static
../Core/Src/main.c:1366:13:MX_GPIO_Init	48	static
../Core/Src/main.c:1424:6:Error_Handler	4	static,ignoring_inline_asm
