../Core/Src/main.c:241:9:Button_IsPressed	8	static
../Core/Src/main.c:246:5:_write	24	static
../Core/Src/main.c:252:5:PWM_Compensate	24	static
../Core/Src/main.c:278:6:Motor_Stop	8	static
../Core/Src/main.c:291:6:Motor_Brake	8	static
../Core/Src/main.c:305:6:Motor_Set	16	static
../Core/Src/main.c:339:6:MPU_Scan	8	static
../Core/Src/main.c:358:6:MPU_Write	32	static
../Core/Src/main.c:364:9:MPU_Read_Byte	40	static
../Core/Src/main.c:375:6:MPU_Init	16	static
../Core/Src/main.c:404:9:MPU_Read_All	40	static
../Core/Src/main.c:447:6:MPU_Calibrate_Gyro	16	static
../Core/Src/main.c:472:6:MPU_Update_Angle	16	static
../Core/Src/main.c:513:9:Limit_Int32	16	static
../Core/Src/main.c:520:9:Smooth_PWM	16	static
../Core/Src/main.c:538:9:Get_Speed	4	static
../Core/Src/main.c:545:9:Get_Direction_Error	8	static
../Core/Src/main.c:579:16:Angle_PID	40	static
../Core/Src/main.c:589:9:Angle_Proc	8	static
../Core/Src/main.c:596:16:Velocity_PID	32	static
../Core/Src/main.c:622:9:Velocity_Proc	24	static
../Core/Src/main.c:643:16:Direction_PID	24	static
../Core/Src/main.c:657:9:Direction_Proc	16	static
../Core/Src/main.c:671:9:Get_PWM	16	static
../Core/Src/main.c:706:6:Motor_Proc	16	static
../Core/Src/main.c:730:6:Line_Only_Control	56	static
../Core/Src/main.c:911:6:Balance_Control	112	static
../Core/Src/main.c:985:6:HAL_TIM_PeriodElapsedCallback	16	static
../Core/Src/main.c:993:6:Motor_Set_Gated	24	static
../Core/Src/main.c:1038:5:main	8	static
../Core/Src/main.c:1118:6:SystemClock_Config	96	static
../Core/Src/main.c:1168:13:MX_I2C1_Init	8	static
../Core/Src/main.c:1216:13:MX_TIM6_Init	24	static
../Core/Src/main.c:1254:13:MX_TIM15_Init	112	static
../Core/Src/main.c:1333:13:MX_USART2_UART_Init	8	static
../Core/Src/main.c:1368:13:MX_GPIO_Init	48	static
../Core/Src/main.c:1426:6:Error_Handler	4	static,ignoring_inline_asm
