../Core/Src/main.c:210:9:Button_IsPressed	8	static
../Core/Src/main.c:215:5:_write	24	static
../Core/Src/main.c:221:5:PWM_Compensate	24	static
../Core/Src/main.c:247:6:Motor_Stop	8	static
../Core/Src/main.c:260:6:Motor_Brake	8	static
../Core/Src/main.c:274:6:Motor_Set	16	static
../Core/Src/main.c:308:6:MPU_Scan	8	static
../Core/Src/main.c:327:6:MPU_Write	32	static
../Core/Src/main.c:333:9:MPU_Read_Byte	40	static
../Core/Src/main.c:344:6:MPU_Init	16	static
../Core/Src/main.c:373:9:MPU_Read_All	40	static
../Core/Src/main.c:416:6:MPU_Calibrate_Gyro	16	static
../Core/Src/main.c:441:6:MPU_Update_Angle	16	static
../Core/Src/main.c:482:9:Limit_Int32	16	static
../Core/Src/main.c:489:9:Smooth_PWM	16	static
../Core/Src/main.c:507:9:Get_Speed	4	static
../Core/Src/main.c:514:9:Get_Direction_Error	8	static
../Core/Src/main.c:543:16:Angle_PID	32	static
../Core/Src/main.c:553:9:Angle_Proc	8	static
../Core/Src/main.c:560:16:Velocity_PID	32	static
../Core/Src/main.c:586:9:Velocity_Proc	24	static
../Core/Src/main.c:607:16:Direction_PID	24	static
../Core/Src/main.c:621:9:Direction_Proc	24	static
../Core/Src/main.c:642:9:Get_PWM	16	static
../Core/Src/main.c:674:6:Motor_Proc	16	static
../Core/Src/main.c:698:6:Line_Only_Control	48	static
../Core/Src/main.c:770:6:Balance_Control	152	static
../Core/Src/main.c:850:6:HAL_TIM_PeriodElapsedCallback	16	static
../Core/Src/main.c:858:6:Motor_Set_Gated	24	static
../Core/Src/main.c:903:5:main	8	static
../Core/Src/main.c:982:6:SystemClock_Config	96	static
../Core/Src/main.c:1032:13:MX_I2C1_Init	8	static
../Core/Src/main.c:1080:13:MX_TIM6_Init	24	static
../Core/Src/main.c:1118:13:MX_TIM15_Init	112	static
../Core/Src/main.c:1197:13:MX_USART2_UART_Init	8	static
../Core/Src/main.c:1232:13:MX_GPIO_Init	48	static
../Core/Src/main.c:1290:6:Error_Handler	4	static,ignoring_inline_asm
