../Core/Src/main.c:182:9:Button_IsPressed	8	static
../Core/Src/main.c:187:5:_write	24	static
../Core/Src/main.c:193:5:PWM_Compensate	24	static
../Core/Src/main.c:219:6:Motor_Stop	8	static
../Core/Src/main.c:232:6:Motor_Brake	8	static
../Core/Src/main.c:246:6:Motor_Set	16	static
../Core/Src/main.c:280:6:MPU_Scan	8	static
../Core/Src/main.c:299:6:MPU_Write	32	static
../Core/Src/main.c:305:9:MPU_Read_Byte	40	static
../Core/Src/main.c:316:6:MPU_Init	16	static
../Core/Src/main.c:345:9:MPU_Read_All	40	static
../Core/Src/main.c:388:6:MPU_Calibrate_Gyro	16	static
../Core/Src/main.c:413:6:MPU_Update_Angle	16	static
../Core/Src/main.c:454:9:Limit_Int32	16	static
../Core/Src/main.c:461:9:Smooth_PWM	16	static
../Core/Src/main.c:479:9:Get_Speed	4	static
../Core/Src/main.c:486:9:Get_Direction_Error	4	static
../Core/Src/main.c:493:16:Angle_PID	32	static
../Core/Src/main.c:503:9:Angle_Proc	8	static
../Core/Src/main.c:510:16:Velocity_PID	32	static
../Core/Src/main.c:536:9:Velocity_Proc	24	static
../Core/Src/main.c:557:16:Direction_PID	24	static
../Core/Src/main.c:571:9:Direction_Proc	24	static
../Core/Src/main.c:592:9:Get_PWM	16	static
../Core/Src/main.c:624:6:Motor_Proc	16	static
../Core/Src/main.c:647:6:Balance_Control	128	static
../Core/Src/main.c:724:6:HAL_TIM_PeriodElapsedCallback	16	static
../Core/Src/main.c:732:6:Motor_Set_Gated	24	static
../Core/Src/main.c:777:5:main	8	static
../Core/Src/main.c:848:6:SystemClock_Config	96	static
../Core/Src/main.c:898:13:MX_I2C1_Init	8	static
../Core/Src/main.c:946:13:MX_TIM6_Init	24	static
../Core/Src/main.c:984:13:MX_TIM15_Init	112	static
../Core/Src/main.c:1063:13:MX_USART2_UART_Init	8	static
../Core/Src/main.c:1098:13:MX_GPIO_Init	48	static
../Core/Src/main.c:1150:6:Error_Handler	4	static,ignoring_inline_asm
